// Jest Snapshot v1, https://goo.gl/fbAQLP

exports[`<Navbar /> should animate with the correct fadein times 1`] = `undefined`;
